Using pre-set license
Built from '6000.0/staging' branch; Version is '6000.0.32f1 (b2e806cf271c) revision 11724806'; Using compiler version '193933523'; Build Type 'Release'
OS: 'Windows 11  (10.0.26200) 64bit CoreSingleLanguage' Language: 'en' Physical Memory: 16167 MB
BatchMode: 1, IsHumanControllingUs: 0, StartBugReporterOnCrash: 0, Is64bit: 1, IsPro: 1

COMMAND LINE ARGUMENTS:
F:\Unity\6000.0.32f1\Editor\Unity.exe
-adb2
-batchMode
-noUpm
-name
AssetImportWorker0
-projectPath
F:/.GITHUB/TheUnseen/tugasakhirunseen
-logFile
Logs/AssetImportWorker0.log
-srvPort
53333
-job-worker-count
7
-background-job-worker-count
8
-gc-helper-count
1
Successfully changed project path to: F:/.GITHUB/TheUnseen/tugasakhirunseen
F:/.GITHUB/TheUnseen/tugasakhirunseen
[UnityMemory] Configuration Parameters - Can be set up in boot.config
    "memorysetup-bucket-allocator-granularity=16"
    "memorysetup-bucket-allocator-bucket-count=8"
    "memorysetup-bucket-allocator-block-size=33554432"
    "memorysetup-bucket-allocator-block-count=8"
    "memorysetup-main-allocator-block-size=16777216"
    "memorysetup-thread-allocator-block-size=16777216"
    "memorysetup-gfx-main-allocator-block-size=16777216"
    "memorysetup-gfx-thread-allocator-block-size=16777216"
    "memorysetup-cache-allocator-block-size=4194304"
    "memorysetup-typetree-allocator-block-size=2097152"
    "memorysetup-profiler-bucket-allocator-granularity=16"
    "memorysetup-profiler-bucket-allocator-bucket-count=8"
    "memorysetup-profiler-bucket-allocator-block-size=33554432"
    "memorysetup-profiler-bucket-allocator-block-count=8"
    "memorysetup-profiler-allocator-block-size=16777216"
    "memorysetup-profiler-editor-allocator-block-size=1048576"
    "memorysetup-temp-allocator-size-main=16777216"
    "memorysetup-job-temp-allocator-block-size=2097152"
    "memorysetup-job-temp-allocator-block-size-background=1048576"
    "memorysetup-job-temp-allocator-reduction-small-platforms=262144"
    "memorysetup-allocator-temp-initial-block-size-main=262144"
    "memorysetup-allocator-temp-initial-block-size-worker=262144"
    "memorysetup-temp-allocator-size-background-worker=32768"
    "memorysetup-temp-allocator-size-job-worker=262144"
    "memorysetup-temp-allocator-size-preload-manager=33554432"
    "memorysetup-temp-allocator-size-nav-mesh-worker=65536"
    "memorysetup-temp-allocator-size-audio-worker=65536"
    "memorysetup-temp-allocator-size-cloud-worker=32768"
    "memorysetup-temp-allocator-size-gi-baking-worker=262144"
    "memorysetup-temp-allocator-size-gi-baking-worker=262144"
    "memorysetup-temp-allocator-size-gi-baking-worker=262144"
    "memorysetup-temp-allocator-size-gi-baking-worker=262144"
    "memorysetup-temp-allocator-size-gi-baking-worker=262144"
    "memorysetup-temp-allocator-size-gfx=262144"
Player connection [19624]  Target information:

Player connection [19624]  * "[IP] 192.168.100.7 [Port] 0 [Flags] 2 [Guid] 3439932457 [EditorId] 3439932457 [Version] 1048832 [Id] WindowsEditor(7,LAPTOP-CUP0RR41) [Debug] 1 [PackageName] WindowsEditor [ProjectName] Editor" 

Player connection [19624] Host joined multi-casting on [225.0.0.222:54997]...
Player connection [19624] Host joined alternative multi-casting on [225.0.0.222:34997]...
JobSystem: Creating JobQueue using job-worker-count value 7
[Physics::Module] Initialized fallback backend.
[Physics::Module] Id: 0xdecafbad
Library Redirect Path: Library/
[Physics::Module] Selected backend.
[Physics::Module] Name: PhysX
[Physics::Module] Id: 0xf2b8ea05
[Physics::Module] SDK Version: 4.1.2
[Physics::Module] Integration Version: 1.0.0
[Physics::Module] Threading Mode: Multi-Threaded
Refreshing native plugins compatible for Editor in 0.28 ms, found 0 plugins.
Preloading 0 native plugins for Editor in 0.00 ms.
Initialize engine version: 6000.0.32f1 (b2e806cf271c)
[Subsystems] Discovering subsystems at path F:/Unity/6000.0.32f1/Editor/Data/Resources/UnitySubsystems
[Subsystems] Discovering subsystems at path F:/.GITHUB/TheUnseen/tugasakhirunseen/Assets
GfxDevice: creating device client; kGfxThreadingModeNonThreaded
Direct3D:
    Version:  Direct3D 11.0 [level 11.1]
    Renderer: NVIDIA GeForce RTX 3060 Laptop GPU (ID=0x2560)
    Vendor:   NVIDIA
    VRAM:     5994 MB
    Driver:   32.0.15.9186
Initialize mono
Mono path[0] = 'F:/Unity/6000.0.32f1/Editor/Data/Managed'
Mono path[1] = 'F:/Unity/6000.0.32f1/Editor/Data/MonoBleedingEdge/lib/mono/unityjit-win32'
Mono config path = 'F:/Unity/6000.0.32f1/Editor/Data/MonoBleedingEdge/etc'
Using monoOptions --debugger-agent=transport=dt_socket,embedding=1,server=y,suspend=n,address=127.0.0.1:56844
Begin MonoManager ReloadAssembly
Registering precompiled unity dll's ...
Register platform support module: F:/Unity/6000.0.32f1/Editor/Data/PlaybackEngines/WindowsStandaloneSupport/UnityEditor.WindowsStandalone.Extensions.dll
Registered in 0.001916 seconds.
- Loaded All Assemblies, in  0.393 seconds
Native extension for WindowsStandalone target not found
Mono: successfully reloaded assembly
- Finished resetting the current domain, in  0.305 seconds
Domain Reload Profiling: 698ms
	BeginReloadAssembly (146ms)
		ExecutionOrderSort (0ms)
		DisableScriptedObjects (0ms)
		BackupInstance (0ms)
		ReleaseScriptingObjects (0ms)
		CreateAndSetChildDomain (1ms)
	RebuildCommonClasses (36ms)
	RebuildNativeTypeToScriptingClass (11ms)
	initialDomainReloadingComplete (41ms)
	LoadAllAssembliesAndSetupDomain (158ms)
		LoadAssemblies (146ms)
		RebuildTransferFunctionScriptingTraits (0ms)
		AnalyzeDomain (155ms)
			TypeCache.Refresh (153ms)
				TypeCache.ScanAssembly (136ms)
			BuildScriptInfoCaches (0ms)
			ResolveRequiredComponents (1ms)
	FinalizeReload (305ms)
		ReleaseScriptCaches (0ms)
		RebuildScriptCaches (0ms)
		SetupLoadedEditorAssemblies (272ms)
			LogAssemblyErrors (0ms)
			InitializePlatformSupportModulesInManaged (26ms)
			SetLoadedEditorAssemblies (4ms)
			BeforeProcessingInitializeOnLoad (48ms)
			ProcessInitializeOnLoadAttributes (144ms)
			ProcessInitializeOnLoadMethodAttributes (50ms)
			AfterProcessingInitializeOnLoad (0ms)
			EditorAssembliesLoaded (0ms)
		ExecutionOrderSort2 (0ms)
		AwakeInstancesAfterBackupRestoration (0ms)
========================================================================
Worker process is ready to serve import requests
Import Worker Mode flag is 0x00
Begin MonoManager ReloadAssembly
- Loaded All Assemblies, in  0.302 seconds
Refreshing native plugins compatible for Editor in 0.36 ms, found 0 plugins.
Native extension for WindowsStandalone target not found
Mono: successfully reloaded assembly
- Finished resetting the current domain, in  0.354 seconds
Domain Reload Profiling: 656ms
	BeginReloadAssembly (191ms)
		ExecutionOrderSort (0ms)
		DisableScriptedObjects (6ms)
		BackupInstance (0ms)
		ReleaseScriptingObjects (0ms)
		CreateAndSetChildDomain (34ms)
	RebuildCommonClasses (36ms)
	RebuildNativeTypeToScriptingClass (11ms)
	initialDomainReloadingComplete (16ms)
	LoadAllAssembliesAndSetupDomain (47ms)
		LoadAssemblies (139ms)
		RebuildTransferFunctionScriptingTraits (0ms)
		AnalyzeDomain (30ms)
			TypeCache.Refresh (20ms)
				TypeCache.ScanAssembly (15ms)
			BuildScriptInfoCaches (6ms)
			ResolveRequiredComponents (2ms)
	FinalizeReload (355ms)
		ReleaseScriptCaches (0ms)
		RebuildScriptCaches (0ms)
		SetupLoadedEditorAssemblies (246ms)
			LogAssemblyErrors (0ms)
			InitializePlatformSupportModulesInManaged (2ms)
			SetLoadedEditorAssemblies (3ms)
			BeforeProcessingInitializeOnLoad (53ms)
			ProcessInitializeOnLoadAttributes (164ms)
			ProcessInitializeOnLoadMethodAttributes (21ms)
			AfterProcessingInitializeOnLoad (2ms)
			EditorAssembliesLoaded (0ms)
		ExecutionOrderSort2 (0ms)
		AwakeInstancesAfterBackupRestoration (6ms)
Launched and connected shader compiler UnityShaderCompiler.exe after 0.02 seconds
Refreshing native plugins compatible for Editor in 0.35 ms, found 0 plugins.
Preloading 0 native plugins for Editor in 0.00 ms.
Unloading 8 Unused Serialized files (Serialized files now loaded: 0)
Unloading 836 unused Assets / (239.8 KB). Loaded Objects now: 1339.
Memory consumption went from 59.7 MB to 59.5 MB.
Total: 6.288400 ms (FindLiveObjects: 0.210100 ms CreateObjectMapping: 0.085400 ms MarkObjects: 5.615300 ms  DeleteObjects: 0.375700 ms)

========================================================================
Received Import Request.
  Time since last request: 3554.195774 seconds.
  path: Assets/Assets/Asset/JendelaSignle.fbx
  artifactKey: Guid(623f986ed15bdf44bbb886f24a5bb880) Importer(815301076,1909f56bfc062723c751e8b465ee728b)
Start importing Assets/Assets/Asset/JendelaSignle.fbx using Guid(623f986ed15bdf44bbb886f24a5bb880) Importer(815301076,1909f56bfc062723c751e8b465ee728b) (PreviewImporter) -> (artifact id: '55cd57d91b35fe34e4dfade476e91889') in 0.2030786 seconds
Number of updated asset objects reloaded before import = 0Number of asset objects unloaded after import = 10

========================================================================
Received Import Request.
  Time since last request: 23.133458 seconds.
  path: Assets/Assets/Asset/Jam.fbx
  artifactKey: Guid(a059782d701b19748b04e1b3fce3b0fc) Importer(815301076,1909f56bfc062723c751e8b465ee728b)
Start importing Assets/Assets/Asset/Jam.fbx using Guid(a059782d701b19748b04e1b3fce3b0fc) Importer(815301076,1909f56bfc062723c751e8b465ee728b) (PreviewImporter) -> (artifact id: 'd8e513d256a0fa70b0e699215be77f18') in 0.09881 seconds
Number of updated asset objects reloaded before import = 0Number of asset objects unloaded after import = 110

========================================================================
Received Import Request.
  Time since last request: 1.970038 seconds.
  path: Assets/Assets/Material/HITAM.mat
  artifactKey: Guid(a6a160ac81de7a048bde39fe49835b33) Importer(815301076,1909f56bfc062723c751e8b465ee728b)
Start importing Assets/Assets/Material/HITAM.mat using Guid(a6a160ac81de7a048bde39fe49835b33) Importer(815301076,1909f56bfc062723c751e8b465ee728b) (PreviewImporter) -> (artifact id: '29c12a5955c85e847229c077f27b9ac3') in 0.0547434 seconds
Number of updated asset objects reloaded before import = 0Number of asset objects unloaded after import = 1

========================================================================
Received Import Request.
  Time since last request: 0.002181 seconds.
  path: Assets/Assets/Material/sy_dark_matte.mat
  artifactKey: Guid(655aeb18c98746a4b999f13326cd7289) Importer(815301076,1909f56bfc062723c751e8b465ee728b)
Start importing Assets/Assets/Material/sy_dark_matte.mat using Guid(655aeb18c98746a4b999f13326cd7289) Importer(815301076,1909f56bfc062723c751e8b465ee728b) (PreviewImporter) -> (artifact id: '5b578ceb38247d0dcd8a4423113dda5d') in 0.0157982 seconds
Number of updated asset objects reloaded before import = 0Number of asset objects unloaded after import = 1

========================================================================
Received Import Request.
  Time since last request: 0.000121 seconds.
  path: Assets/Assets/Material/sy_black_display.mat
  artifactKey: Guid(e9949cb64251f5346915471615c4b5f5) Importer(815301076,1909f56bfc062723c751e8b465ee728b)
Start importing Assets/Assets/Material/sy_black_display.mat using Guid(e9949cb64251f5346915471615c4b5f5) Importer(815301076,1909f56bfc062723c751e8b465ee728b) (PreviewImporter) -> (artifact id: 'd3d1fc990f4338f3f5123e2e4f0c405b') in 0.0140982 seconds
Number of updated asset objects reloaded before import = 0Number of asset objects unloaded after import = 1

========================================================================
Received Import Request.
  Time since last request: 80.245477 seconds.
  path: Assets/Assets/Material/sy_lite_matte.mat
  artifactKey: Guid(676ca362defcbc643b7ac2c4abfc7542) Importer(815301076,1909f56bfc062723c751e8b465ee728b)
Start importing Assets/Assets/Material/sy_lite_matte.mat using Guid(676ca362defcbc643b7ac2c4abfc7542) Importer(815301076,1909f56bfc062723c751e8b465ee728b) (PreviewImporter) -> (artifact id: '9970f86ca405093e7f52bcc6b9b17c55') in 0.014429 seconds
Number of updated asset objects reloaded before import = 0Number of asset objects unloaded after import = 1

========================================================================
Received Import Request.
  Time since last request: 1459.682204 seconds.
  path: Assets/Assets/Texture/RuangLilin/1SetLemariLilin_RuangLilin_AlbedoTransparency.png
  artifactKey: Guid(9f1991daf80a2d64a91192e10e7d4f13) Importer(815301076,1909f56bfc062723c751e8b465ee728b)
Start importing Assets/Assets/Texture/RuangLilin/1SetLemariLilin_RuangLilin_AlbedoTransparency.png using Guid(9f1991daf80a2d64a91192e10e7d4f13) Importer(815301076,1909f56bfc062723c751e8b465ee728b) (PreviewImporter) -> (artifact id: '39077940f2aeee5fa734ab2117999f4b') in 0.3446203 seconds
Number of updated asset objects reloaded before import = 0Number of asset objects unloaded after import = 2

========================================================================
Received Import Request.
  Time since last request: 0.000543 seconds.
  path: Assets/Assets/Texture/Lantai/LantaiKoridor/LantaiKoridor_LantaiKoridor_AlbedoTransparency.png
  artifactKey: Guid(6aaee8f4c8ba1e346a0718f564a32fbf) Importer(815301076,1909f56bfc062723c751e8b465ee728b)
Start importing Assets/Assets/Texture/Lantai/LantaiKoridor/LantaiKoridor_LantaiKoridor_AlbedoTransparency.png using Guid(6aaee8f4c8ba1e346a0718f564a32fbf) Importer(815301076,1909f56bfc062723c751e8b465ee728b) (PreviewImporter) -> (artifact id: 'a7995399029216619e10a5f8b5ce3dfb') in 0.030917 seconds
Number of updated asset objects reloaded before import = 0Number of asset objects unloaded after import = 2

========================================================================
Received Import Request.
  Time since last request: 0.000215 seconds.
  path: Assets/Assets/Texture/Kamar2/Lemari/Lemari_Lemari_AlbedoTransparency.png
  artifactKey: Guid(c913ce7463a4be94f875b202c4de6154) Importer(815301076,1909f56bfc062723c751e8b465ee728b)
Start importing Assets/Assets/Texture/Kamar2/Lemari/Lemari_Lemari_AlbedoTransparency.png using Guid(c913ce7463a4be94f875b202c4de6154) Importer(815301076,1909f56bfc062723c751e8b465ee728b) (PreviewImporter) -> (artifact id: '5430bf66cb6a07edc6e88985ace7f256') in 0.1834243 seconds
Number of updated asset objects reloaded before import = 0Number of asset objects unloaded after import = 2

========================================================================
Received Import Request.
  Time since last request: 0.333982 seconds.
  path: Assets/Assets/Texture/PintuJendela/PintuJendela_Pintu,jendela_MetallicSmoothness.png
  artifactKey: Guid(5640f83d1f827024580b2bb67e3f8652) Importer(815301076,1909f56bfc062723c751e8b465ee728b)
Start importing Assets/Assets/Texture/PintuJendela/PintuJendela_Pintu,jendela_MetallicSmoothness.png using Guid(5640f83d1f827024580b2bb67e3f8652) Importer(815301076,1909f56bfc062723c751e8b465ee728b) (PreviewImporter) -> (artifact id: 'b39d1994dcb5a17789c49e87586532aa') in 0.0316621 seconds
Number of updated asset objects reloaded before import = 0Number of asset objects unloaded after import = 2

Editor requested this worker to shutdown with reason: Scaling down because of idle timeout
AssetImportWorker is now disconnected from the server
Process exiting
Exiting without the bug reporter. Application will terminate with return code 0